Archive member included to satisfy reference by file (symbol)

../drivers\libIotLibrary.a(lora_driver.o)
                              LoRaWANHandler.o (lora_driver_flushBuffers)
../drivers\libIotLibrary.a(lora_driver_utils.o)
                              ../drivers\libIotLibrary.a(lora_driver.o) (decode_port_no)
../drivers\libIotLibrary.a(serial.o)
                              ../drivers\libIotLibrary.a(lora_driver.o) (serial_create)
../drivers\libIotLibrary.a(status_leds.o)
                              LoRaWANHandler.o (status_leds_slowBlink)
../drivers\libIotLibrary.a(fifo.o)
                              ../drivers\libIotLibrary.a(serial.o) (fifo_init)
c:/program files (x86)/atmel/studio/7.0/toolchain/avr8/avr8-gnu-toolchain/bin/../lib/gcc/avr/5.4.0/../../../../avr/lib/avr6\libm.a(addsf3.o)
                              ../drivers\libIotLibrary.a(serial.o) (__subsf3)
c:/program files (x86)/atmel/studio/7.0/toolchain/avr8/avr8-gnu-toolchain/bin/../lib/gcc/avr/5.4.0/../../../../avr/lib/avr6\libm.a(addsf3x.o)
                              c:/program files (x86)/atmel/studio/7.0/toolchain/avr8/avr8-gnu-toolchain/bin/../lib/gcc/avr/5.4.0/../../../../avr/lib/avr6\libm.a(addsf3.o) (__addsf3x)
c:/program files (x86)/atmel/studio/7.0/toolchain/avr8/avr8-gnu-toolchain/bin/../lib/gcc/avr/5.4.0/../../../../avr/lib/avr6\libm.a(divsf3.o)
                              ../drivers\libIotLibrary.a(serial.o) (__divsf3)
c:/program files (x86)/atmel/studio/7.0/toolchain/avr8/avr8-gnu-toolchain/bin/../lib/gcc/avr/5.4.0/../../../../avr/lib/avr6\libm.a(divsf3x.o)
                              c:/program files (x86)/atmel/studio/7.0/toolchain/avr8/avr8-gnu-toolchain/bin/../lib/gcc/avr/5.4.0/../../../../avr/lib/avr6\libm.a(divsf3.o) (__divsf3x)
c:/program files (x86)/atmel/studio/7.0/toolchain/avr8/avr8-gnu-toolchain/bin/../lib/gcc/avr/5.4.0/../../../../avr/lib/avr6\libm.a(fixunssfsi.o)
                              ../drivers\libIotLibrary.a(serial.o) (__fixunssfsi)
c:/program files (x86)/atmel/studio/7.0/toolchain/avr8/avr8-gnu-toolchain/bin/../lib/gcc/avr/5.4.0/../../../../avr/lib/avr6\libm.a(floatsisf.o)
                              ../drivers\libIotLibrary.a(serial.o) (__floatunsisf)
c:/program files (x86)/atmel/studio/7.0/toolchain/avr8/avr8-gnu-toolchain/bin/../lib/gcc/avr/5.4.0/../../../../avr/lib/avr6\libm.a(fp_inf.o)
                              c:/program files (x86)/atmel/studio/7.0/toolchain/avr8/avr8-gnu-toolchain/bin/../lib/gcc/avr/5.4.0/../../../../avr/lib/avr6\libm.a(addsf3x.o) (__fp_inf)
c:/program files (x86)/atmel/studio/7.0/toolchain/avr8/avr8-gnu-toolchain/bin/../lib/gcc/avr/5.4.0/../../../../avr/lib/avr6\libm.a(fp_nan.o)
                              c:/program files (x86)/atmel/studio/7.0/toolchain/avr8/avr8-gnu-toolchain/bin/../lib/gcc/avr/5.4.0/../../../../avr/lib/avr6\libm.a(addsf3x.o) (__fp_nan)
c:/program files (x86)/atmel/studio/7.0/toolchain/avr8/avr8-gnu-toolchain/bin/../lib/gcc/avr/5.4.0/../../../../avr/lib/avr6\libm.a(fp_pscA.o)
                              c:/program files (x86)/atmel/studio/7.0/toolchain/avr8/avr8-gnu-toolchain/bin/../lib/gcc/avr/5.4.0/../../../../avr/lib/avr6\libm.a(addsf3x.o) (__fp_pscA)
c:/program files (x86)/atmel/studio/7.0/toolchain/avr8/avr8-gnu-toolchain/bin/../lib/gcc/avr/5.4.0/../../../../avr/lib/avr6\libm.a(fp_pscB.o)
                              c:/program files (x86)/atmel/studio/7.0/toolchain/avr8/avr8-gnu-toolchain/bin/../lib/gcc/avr/5.4.0/../../../../avr/lib/avr6\libm.a(addsf3x.o) (__fp_pscB)
c:/program files (x86)/atmel/studio/7.0/toolchain/avr8/avr8-gnu-toolchain/bin/../lib/gcc/avr/5.4.0/../../../../avr/lib/avr6\libm.a(fp_round.o)
                              c:/program files (x86)/atmel/studio/7.0/toolchain/avr8/avr8-gnu-toolchain/bin/../lib/gcc/avr/5.4.0/../../../../avr/lib/avr6\libm.a(addsf3.o) (__fp_round)
c:/program files (x86)/atmel/studio/7.0/toolchain/avr8/avr8-gnu-toolchain/bin/../lib/gcc/avr/5.4.0/../../../../avr/lib/avr6\libm.a(fp_split3.o)
                              c:/program files (x86)/atmel/studio/7.0/toolchain/avr8/avr8-gnu-toolchain/bin/../lib/gcc/avr/5.4.0/../../../../avr/lib/avr6\libm.a(addsf3x.o) (__fp_split3)
c:/program files (x86)/atmel/studio/7.0/toolchain/avr8/avr8-gnu-toolchain/bin/../lib/gcc/avr/5.4.0/../../../../avr/lib/avr6\libm.a(fp_zero.o)
                              c:/program files (x86)/atmel/studio/7.0/toolchain/avr8/avr8-gnu-toolchain/bin/../lib/gcc/avr/5.4.0/../../../../avr/lib/avr6\libm.a(addsf3x.o) (__fp_zero)
c:/program files (x86)/atmel/studio/7.0/toolchain/avr8/avr8-gnu-toolchain/bin/../lib/gcc/avr/5.4.0/../../../../avr/lib/avr6\libm.a(mulsf3.o)
                              ../drivers\libIotLibrary.a(serial.o) (__mulsf3)
c:/program files (x86)/atmel/studio/7.0/toolchain/avr8/avr8-gnu-toolchain/bin/../lib/gcc/avr/5.4.0/../../../../avr/lib/avr6\libm.a(mulsf3x.o)
[...]
Memory Configuration

Name             Origin             Length             Attributes
text             0x00000000         0x00040000         xr
data             0x00800200         0x00002000         rw !x
eeprom           0x00810000         0x00001000         rw !x
fuse             0x00820000         0x00000003         rw !x
lock             0x00830000         0x00000400         rw !x
signature        0x00840000         0x00000400         rw !x
user_signatures  0x00850000         0x00000400         rw !x
*default*        0x00000000         0xffffffff

Linker script and memory map

Address of section .data set to 0x800200
LOAD C:/Program Files (x86)/Atmel/Studio/7.0/Packs/atmel/ATmega_DFP/1.6.364/gcc/dev/atmega2560/avr6/crtatmega2560.o
LOAD FreeRTOS/FreeRTOSTraceDriver/FreeRTOSTraceDriver.o
LOAD FreeRTOS/src/croutine.o
LOAD FreeRTOS/src/event_groups.o
LOAD FreeRTOS/src/heap_4.o
LOAD FreeRTOS/src/list.o
LOAD FreeRTOS/src/port.o
LOAD FreeRTOS/src/queue.o
LOAD FreeRTOS/src/stream_buffer.o
LOAD FreeRTOS/src/tasks.o
LOAD FreeRTOS/src/timers.o
LOAD FreeRTOS/src/variantHooks.o
LOAD main.o
LOAD LoRaWANHandler.o
START GROUP
LOAD c:/program files (x86)/atmel/studio/7.0/toolchain/avr8/avr8-gnu-toolchain/bin/../lib/gcc/avr/5.4.0/../../../../avr/lib/avr6\libm.a
LOAD ../drivers\libIotLibrary.a
END GROUP
START GROUP
LOAD c:/program files (x86)/atmel/studio/7.0/toolchain/avr8/avr8-gnu-toolchain/bin/../lib/gcc/avr/5.4.0/avr6\libgcc.a
LOAD c:/program files (x86)/atmel/studio/7.0/toolchain/avr8/avr8-gnu-toolchain/bin/../lib/gcc/avr/5.4.0/../../../../avr/lib/avr6\libm.a
LOAD c:/program files (x86)/atmel/studio/7.0/toolchain/avr8/avr8-gnu-toolchain/bin/../lib/gcc/avr/5.4.0/../../../../avr/lib/avr6\libc.a
LOAD C:/Program Files (x86)/Atmel/Studio/7.0/Packs/atmel/ATmega_DFP/1.6.364/gcc/dev/atmega2560/avr6\libatmega2560.a
END GROUP
                0x00000000                __TEXT_REGION_ORIGIN__ = DEFINED (__TEXT_REGION_ORIGIN__)?__TEXT_REGION_ORIGIN__:0x0
                [0x00800200]                __DATA_REGION_ORIGIN__ = DEFINED (__DATA_REGION_ORIGIN__)?__DATA_REGION_ORIGIN__:0x800200
                [0x00040000]                __TEXT_REGION_LENGTH__ = DEFINED (__TEXT_REGION_LENGTH__)?__TEXT_REGION_LENGTH__:0x100000
                [0x00002000]                __DATA_REGION_LENGTH__ = DEFINED (__DATA_REGION_LENGTH__)?__DATA_REGION_LENGTH__:0xfe00
                [0x00001000]                __EEPROM_REGION_LENGTH__ = DEFINED (__EEPROM_REGION_LENGTH__)?__EEPROM_REGION_LENGTH__:0x10000
                [0x00000003]                __FUSE_REGION_LENGTH__ = DEFINED (__FUSE_REGION_LENGTH__)?__FUSE_REGION_LENGTH__:0x400
                0x00000400                __LOCK_REGION_LENGTH__ = DEFINED (__LOCK_REGION_LENGTH__)?__LOCK_REGION_LENGTH__:0x400
                0x00000400                __SIGNATURE_REGION_LENGTH__ = DEFINED (__SIGNATURE_REGION_LENGTH__)?__SIGNATURE_REGION_LENGTH__:0x400
                0x00000400                __USER_SIGNATURE_REGION_LENGTH__ = DEFINED (__USER_SIGNATURE_REGION_LENGTH__)?__USER_SIGNATURE_REGION_LENGTH__:0x400

.hash
 *(.hash)

.dynsym
 *(.dynsym)

.dynstr
 *(.dynstr)

.gnu.version
 *(.gnu.version)

.gnu.version_d
 *(.gnu.version_d)

.gnu.version_r
 *(.gnu.version_r)

.rel.init
 *(.rel.init)

.rela.init
 *(.rela.init)

.rel.text
 *(.rel.text)
 *(.rel.text.*)
 *(.rel.gnu.linkonce.t*)

.rela.text
 *(.rela.text)
 *(.rela.text.*)
 *(.rela.gnu.linkonce.t*)

.rel.fini
 *(.rel.fini)

.rela.fini
 *(.rela.fini)

.rel.rodata
 *(.rel.rodata)
 *(.rel.rodata.*)
 *(.rel.gnu.linkonce.r*)

.rela.rodata
 *(.rela.rodata)
 *(.rela.rodata.*)
 *(.rela.gnu.linkonce.r*)

.rel.data
 *(.rel.data)
 *(.rel.data.*)
 *(.rel.gnu.linkonce.d*)

.rela.data
 *(.rela.data)
 *(.rela.data.*)
 *(.rela.gnu.linkonce.d*)

.rel.ctors
 *(.rel.ctors)

.rela.ctors
 *(.rela.ctors)

.rel.dtors
 *(.rel.dtors)

.rela.dtors
 *(.rela.dtors)

.rel.got
 *(.rel.got)

.rela.got
 *(.rela.got)

.rel.bss
 *(.rel.bss)

.rela.bss
 *(.rela.bss)

.rel.plt
 *(.rel.plt)

.rela.plt
 *(.rela.plt)

.text           0x00000000     0x26ae
 *(.vectors)
 .vectors       0x00000000       0xe4 C:/Program Files (x86)/Atmel/Studio/7.0/Packs/atmel/ATmega_DFP/1.6.364/gcc/dev/atmega2560/avr6/crtatmega2560.o
                0x00000000                __vector_default
                0x00000000                __vectors
 *(.vectors)
 *(.progmem.gcc*)
 .progmem.gcc_sw_table.prvProcessReceivedCommands
                0x000000e4       0x14 FreeRTOS/src/timers.o
                0x000000f8                . = ALIGN (0x2)
                0x000000f8                __trampolines_start = .
 *(.trampolines)
 .trampolines   0x000000f8        0x0 linker stubs
 *(.trampolines*)
                0x000000f8                __trampolines_end = .
 *libprintf_flt.a:*(.progmem.data)
 *libc.a:*(.progmem.data)
 *(.progmem*)
                0x000000f8                . = ALIGN (0x2)
 *(.jumptables)
 *(.jumptables*)
 *(.lowtext)
 .lowtext       0x000000f8       0x12 FreeRTOS/src/tasks.o
 .lowtext       0x0000010a       0x1e FreeRTOS/src/timers.o
 *(.lowtext*)
                0x00000128                __ctors_start = .
 *(.ctors)
                0x00000128                __ctors_end = .
                0x00000128                __dtors_start = .
 *(.dtors)
                0x00000128                __dtors_end = .
 SORT(*)(.ctors)
 SORT(*)(.dtors)
 *(.init0)
 .init0         0x00000128        0x0 C:/Program Files (x86)/Atmel/Studio/7.0/Packs/atmel/ATmega_DFP/1.6.364/gcc/dev/atmega2560/avr6/crtatmega2560.o
                0x00000128                __init
 *(.init0)
 *(.init1)
 *(.init1)
 *(.init2)
 .init2         0x00000128       0x10 C:/Program Files (x86)/Atmel/Studio/7.0/Packs/atmel/ATmega_DFP/1.6.364/gcc/dev/atmega2560/avr6/crtatmega2560.o
 *(.init2)
 *(.init3)
 *(.init3)
 *(.init4)
 .init4         0x00000138       0x1a c:/program files (x86)/atmel/studio/7.0/toolchain/avr8/avr8-gnu-toolchain/bin/../lib/gcc/avr/5.4.0/avr6\libgcc.a(_copy_data.o)
                0x00000138                __do_copy_data
 .init4         0x00000152       0x10 c:/program files (x86)/atmel/studio/7.0/toolchain/avr8/avr8-gnu-toolchain/bin/../lib/gcc/avr/5.4.0/avr6\libgcc.a(_clear_bss.o)
                0x00000152                __do_clear_bss
 *(.init4)
 *(.init5)
 *(.init5)
 *(.init6)
 *(.init6)
 *(.init7)
 *(.init7)
 *(.init8)
 *(.init8)
 *(.init9)
 .init9         0x00000162        0x8 C:/Program Files (x86)/Atmel/Studio/7.0/Packs/atmel/ATmega_DFP/1.6.364/gcc/dev/atmega2560/avr6/crtatmega2560.o
 *(.init9)
 *(.text)
 .text          0x0000016a        0x2 C:/Program Files (x86)/Atmel/Studio/7.0/Packs/atmel/ATmega_DFP/1.6.364/gcc/dev/atmega2560/avr6/crtatmega2560.o
                0x0000016a                __vector_38
                0x0000016a                __vector_22
                0x0000016a                __vector_28
                0x0000016a                __vector_1
                0x0000016a                __vector_32
                0x0000016a                __vector_34
                0x0000016a                __vector_24
                0x0000016a                __vector_46
                0x0000016a                __bad_interrupt
                0x0000016a                __vector_6
                0x0000016a                __vector_31
                0x0000016a                __vector_35
                0x0000016a                __vector_39
                0x0000016a                __vector_3
                0x0000016a                __vector_23
                0x0000016a                __vector_30
                0x0000016a                __vector_45
                0x0000016a                __vector_11
                0x0000016a                __vector_13
                0x0000016a                __vector_17
                0x0000016a                __vector_19
                0x0000016a                __vector_56
                0x0000016a                __vector_7
                0x0000016a                __vector_49
                0x0000016a                __vector_41
                0x0000016a                __vector_43
                0x0000016a                __vector_27
                0x0000016a                __vector_5
                0x0000016a                __vector_33
                0x0000016a                __vector_47
                0x0000016a                __vector_4
                0x0000016a                __vector_44
                0x0000016a                __vector_9
                0x0000016a                __vector_2
                0x0000016a                __vector_21
                0x0000016a                __vector_15
                0x0000016a                __vector_29
                0x0000016a                __vector_40
                0x0000016a                __vector_8
                0x0000016a                __vector_48
                0x0000016a                __vector_14
                0x0000016a                __vector_53
                0x0000016a                __vector_10
                0x0000016a                __vector_50
                0x0000016a                __vector_16
                0x0000016a                __vector_18
                0x0000016a                __vector_20
                0x0000016a                __vector_42
                0x0000016c                . = ALIGN (0x2)
 *(.text.*)
 .text.trace_init
                0x0000016c        0x2 FreeRTOS/FreeRTOSTraceDriver/FreeRTOSTraceDriver.o
                0x0000016c                trace_init
 .text.prvHeapInit
                0x0000016e       0x52 FreeRTOS/src/heap_4.o
 .text.prvInsertBlockIntoFreeList
                0x000001c0       0x94 FreeRTOS/src/heap_4.o
 .text.pvPortMalloc
                0x00000254      0x150 FreeRTOS/src/heap_4.o
                0x00000254                pvPortMalloc
 .text.vPortFree
                0x000003a4       0x78 FreeRTOS/src/heap_4.o
                0x000003a4                vPortFree
 .text.vListInitialise
                0x0000041c       0x22 FreeRTOS/src/list.o
                0x0000041c                vListInitialise
 .text.vListInitialiseItem
                0x0000043e        0x8 FreeRTOS/src/list.o
                0x0000043e                vListInitialiseItem
 .text.vListInsert
                0x00000446       0x7a FreeRTOS/src/list.o
                0x00000446                vListInsert
 .text.uxListRemove
                0x000004c0       0x4e FreeRTOS/src/list.o
                0x000004c0                uxListRemove
 .text.prvSetupTimerInterrupt
                0x0000050e       0x18 FreeRTOS/src/port.o
 .text.pxPortInitialiseStack
                0x00000526       0x2e FreeRTOS/src/port.o
                0x00000526                pxPortInitialiseStack
 .text.xPortStartScheduler
                0x00000554       0x64 FreeRTOS/src/port.o
                0x00000554                xPortStartScheduler
 .text.vPortYield
                0x000005b8       0xc2 FreeRTOS/src/port.o
                0x000005b8                vPortYield
 .text.vPortYieldFromTick
                0x0000067a       0xc6 FreeRTOS/src/port.o
                0x0000067a                vPortYieldFromTick
 .text.__vector_12
                0x00000740        0x4 FreeRTOS/src/port.o
                0x00000740                __vector_12
 .text.prvIsQueueEmpty
                0x00000744       0x1a FreeRTOS/src/queue.o
 .text.prvIsQueueFull
                0x0000075e       0x1c FreeRTOS/src/queue.o
 .text.prvCopyDataToQueue
                0x0000077a       0xbe FreeRTOS/src/queue.o
 .text.prvCopyDataFromQueue
                0x00000838       0x34 FreeRTOS/src/queue.o
 .text.prvUnlockQueue
                0x0000086c       0x64 FreeRTOS/src/queue.o
 .text.xQueueGenericReset
                0x000008d0       0x84 FreeRTOS/src/queue.o
                0x000008d0                xQueueGenericReset
 .text.prvInitialiseNewQueue
                0x00000954       0x24 FreeRTOS/src/queue.o
 .text.xQueueGenericCreate
                0x00000978       0x46 FreeRTOS/src/queue.o
                0x00000978                xQueueGenericCreate
 .text.xQueueGenericSend
                0x000009be      0x116 FreeRTOS/src/queue.o
                0x000009be                xQueueGenericSend
 .text.prvInitialiseMutex
                0x00000ad4       0x24 FreeRTOS/src/queue.o
 .text.xQueueCreateMutex
                0x00000af8       0x18 FreeRTOS/src/queue.o
                0x00000af8                xQueueCreateMutex
 .text.xQueueGenericSendFromISR
                0x00000b10       0x74 FreeRTOS/src/queue.o
                0x00000b10                xQueueGenericSendFromISR
 .text.xQueueReceive
                0x00000b84      0x116 FreeRTOS/src/queue.o
                0x00000b84                xQueueReceive
 .text.vQueueWaitForMessageRestricted
                0x00000c9a       0x36 FreeRTOS/src/queue.o
                0x00000c9a                vQueueWaitForMessageRestricted
 .text.prvResetNextTaskUnblockTime
                0x00000cd0       0x4e FreeRTOS/src/tasks.o
 .text.prvDeleteTCB
                0x00000d1e       0x16 FreeRTOS/src/tasks.o
 .text.prvInitialiseNewTask
                0x00000d34       0xf6 FreeRTOS/src/tasks.o
 .text.prvInitialiseTaskLists
                0x00000e2a       0x54 FreeRTOS/src/tasks.o
 .text.prvAddNewTaskToReadyList
                0x00000e7e       0xdc FreeRTOS/src/tasks.o
 .text.prvCheckTasksWaitingTermination
                0x00000f5a       0x48 FreeRTOS/src/tasks.o
 .text.prvAddCurrentTaskToDelayedList
                0x00000fa2      0x13e FreeRTOS/src/tasks.o
 .text.xTaskCreate
                0x000010e0       0x92 FreeRTOS/src/tasks.o
                0x000010e0                xTaskCreate
 .text.vTaskStartScheduler
                0x00001172       0x6c FreeRTOS/src/tasks.o
                0x00001172                vTaskStartScheduler
 .text.vTaskSuspendAll
                0x000011de        0xc FreeRTOS/src/tasks.o
                0x000011de                vTaskSuspendAll
 .text.xTaskGetTickCount
                0x000011ea       0x1c FreeRTOS/src/tasks.o
                0x000011ea                xTaskGetTickCount
 .text.xTaskIncrementTick
                0x00001206      0x258 FreeRTOS/src/tasks.o
                0x00001206                xTaskIncrementTick
 .text.xTaskResumeAll
                0x0000145e      0x1b8 FreeRTOS/src/tasks.o
                0x0000145e                xTaskResumeAll
 .text.vTaskDelay
                0x00001616       0x36 FreeRTOS/src/tasks.o
                0x00001616                vTaskDelay
 .text.vTaskSwitchContext
                0x0000164c       0xc8 FreeRTOS/src/tasks.o
                0x0000164c                vTaskSwitchContext
 .text.vTaskPlaceOnEventList
                0x00001714       0x2e FreeRTOS/src/tasks.o
                0x00001714                vTaskPlaceOnEventList
 .text.vTaskPlaceOnEventListRestricted
                0x00001742       0x84 FreeRTOS/src/tasks.o
                0x00001742                vTaskPlaceOnEventListRestricted
 .text.xTaskRemoveFromEventList
                0x000017c6      0x15e FreeRTOS/src/tasks.o
                0x000017c6                xTaskRemoveFromEventList
 .text.vTaskInternalSetTimeOutState
                0x00001924       0x22 FreeRTOS/src/tasks.o
                0x00001924                vTaskInternalSetTimeOutState
 .text.xTaskCheckForTimeOut
                0x00001946       0xcc FreeRTOS/src/tasks.o
                0x00001946                xTaskCheckForTimeOut
 .text.vTaskMissedYield
                0x00001a12        0x8 FreeRTOS/src/tasks.o
                0x00001a12                vTaskMissedYield
 .text.xTaskGetSchedulerState
                0x00001a1a       0x1c FreeRTOS/src/tasks.o
                0x00001a1a                xTaskGetSchedulerState
 .text.xTaskPriorityDisinherit
                0x00001a36       0xb6 FreeRTOS/src/tasks.o
                0x00001a36                xTaskPriorityDisinherit
 .text.prvGetNextExpireTime
                0x00001aec       0x30 FreeRTOS/src/timers.o
 .text.prvInsertTimerInActiveList
                0x00001b1c       0x92 FreeRTOS/src/timers.o
 .text.prvCheckForValidListAndQueue
                0x00001bae       0x52 FreeRTOS/src/timers.o
 .text.xTimerCreateTimerTask
                0x00001c00       0x40 FreeRTOS/src/timers.o
                0x00001c00                xTimerCreateTimerTask
 .text.xTimerGenericCommand
                0x00001c40       0xbc FreeRTOS/src/timers.o
                0x00001c40                xTimerGenericCommand
 .text.prvSwitchTimerLists
                0x00001cfc       0xd0 FreeRTOS/src/timers.o
 .text.prvSampleTimeNow
                0x00001dcc       0x5a FreeRTOS/src/timers.o
 .text.prvProcessExpiredTimer
                0x00001e26       0xac FreeRTOS/src/timers.o
 .text.prvProcessTimerOrBlockTask
                0x00001ed2       0xa6 FreeRTOS/src/timers.o
 .text.prvProcessReceivedCommands
                0x00001f78      0x166 FreeRTOS/src/timers.o
 .text.vApplicationIdleHook
                0x000020de        0x2 FreeRTOS/src/variantHooks.o
                0x000020de                vApplicationIdleHook
 .text.prvSetMainLedOn
                0x000020e0        0xe FreeRTOS/src/variantHooks.o
                0x000020e0                prvSetMainLedOn
 .text.prvBlinkMainLed
                0x000020ee        0x8 FreeRTOS/src/variantHooks.o
                0x000020ee                prvBlinkMainLed
 .text.vApplicationMallocFailedHook
                0x000020f6       0x18 FreeRTOS/src/variantHooks.o
                0x000020f6                vApplicationMallocFailedHook
 .text.vApplicationStackOverflowHook
                0x0000210e       0x18 FreeRTOS/src/variantHooks.o
                0x0000210e                vApplicationStackOverflowHook
 .text.task1    0x00002126       0x14 main.o
                0x00002126                task1
 .text.task2    0x0000213a       0x12 main.o
                0x0000213a                task2
 .text.create_tasks_and_semaphores
                0x0000214c       0x6c main.o
                0x0000214c                create_tasks_and_semaphores
 .text.main     0x000021b8       0x12 main.o
                0x000021b8                main
 .text.__vector_25
                0x000021ca       0xa4 ../drivers\libIotLibrary.a(serial.o)
                0x000021ca                __vector_25
 .text.__vector_26
                0x0000226e       0x88 ../drivers\libIotLibrary.a(serial.o)
                0x0000226e                __vector_26
 .text.__vector_36
                0x000022f6       0xa4 ../drivers\libIotLibrary.a(serial.o)
                0x000022f6                __vector_36
 .text.__vector_37
                0x0000239a       0x88 ../drivers\libIotLibrary.a(serial.o)
                0x0000239a                __vector_37
 .text.__vector_51
                0x00002422       0xa4 ../drivers\libIotLibrary.a(serial.o)
                0x00002422                __vector_51
 .text.__vector_52
                0x000024c6       0x88 ../drivers\libIotLibrary.a(serial.o)
                0x000024c6                __vector_52
 .text.__vector_54
                0x0000254e       0xa4 ../drivers\libIotLibrary.a(serial.o)
                0x0000254e                __vector_54
 .text.__vector_55
                0x000025f2       0x88 ../drivers\libIotLibrary.a(serial.o)
                0x000025f2                __vector_55
 .text.libgcc   0x0000267a       0x10 c:/program files (x86)/atmel/studio/7.0/toolchain/avr8/avr8-gnu-toolchain/bin/../lib/gcc/avr/5.4.0/avr6\libgcc.a(_tablejump2.o)
                0x0000267a                __tablejump2__
 .text.avr-libc
                0x0000268a       0x12 c:/program files (x86)/atmel/studio/7.0/toolchain/avr8/avr8-gnu-toolchain/bin/../lib/gcc/avr/5.4.0/../../../../avr/lib/avr6\libc.a(memcpy.o)
                0x0000268a                memcpy
 .text.avr-libc
                0x0000269c        0xe c:/program files (x86)/atmel/studio/7.0/toolchain/avr8/avr8-gnu-toolchain/bin/../lib/gcc/avr/5.4.0/../../../../avr/lib/avr6\libc.a(memset.o)
                0x0000269c                memset
                0x000026aa                . = ALIGN (0x2)
 *(.fini9)
 .fini9         0x000026aa        0x0 c:/program files (x86)/atmel/studio/7.0/toolchain/avr8/avr8-gnu-toolchain/bin/../lib/gcc/avr/5.4.0/avr6\libgcc.a(_exit.o)
                0x000026aa                _exit
                0x000026aa                exit
 *(.fini9)
 *(.fini8)
 *(.fini8)
 *(.fini7)
 *(.fini7)
 *(.fini6)
 *(.fini6)
 *(.fini5)
 *(.fini5)
 *(.fini4)
 *(.fini4)
 *(.fini3)
 *(.fini3)
 *(.fini2)
 *(.fini2)
 *(.fini1)
 *(.fini1)
 *(.fini0)
 .fini0         0x000026aa        0x4 c:/program files (x86)/atmel/studio/7.0/toolchain/avr8/avr8-gnu-toolchain/bin/../lib/gcc/avr/5.4.0/avr6\libgcc.a(_exit.o)
 *(.fini0)
                0x000026ae                _etext = .

.data           0x00800200       0x1a load address 0x000026ae
                0x00800200                PROVIDE (__data_start, .)
 *(.data)
 *(.data*)
 .data.uxTopUsedPriority
                0x00800200        0x1 FreeRTOS/src/tasks.o
                0x00800200                uxTopUsedPriority
 *(.gnu.linkonce.d*)
 *(.rodata)
 *(.rodata*)
 .rodata.str1.1
                0x00800201        0x5 FreeRTOS/src/tasks.o
 .rodata.str1.1
                0x00800206        0x8 FreeRTOS/src/timers.o
 .rodata.str1.1
                0x0080020e        0xc main.o
 *(.gnu.linkonce.r*)
                0x0080021a                . = ALIGN (0x2)
                0x0080021a                _edata = .
                0x0080021a                PROVIDE (__data_end, .)

.bss            0x0080021a      0xea9
                0x0080021a                PROVIDE (__bss_start, .)
 *(.bss)
 *(.bss*)
 .bss.xBlockAllocatedBit
                0x0080021a        0x2 FreeRTOS/src/heap_4.o
 .bss.xNumberOfSuccessfulFrees
                0x0080021c        0x2 FreeRTOS/src/heap_4.o
 .bss.xNumberOfSuccessfulAllocations
                0x0080021e        0x2 FreeRTOS/src/heap_4.o
 .bss.xMinimumEverFreeBytesRemaining
                0x00800220        0x2 FreeRTOS/src/heap_4.o
 .bss.xFreeBytesRemaining
                0x00800222        0x2 FreeRTOS/src/heap_4.o
 .bss.pxEnd     0x00800224        0x2 FreeRTOS/src/heap_4.o
 .bss.xStart    0x00800226        0x4 FreeRTOS/src/heap_4.o
 .bss.ucHeap    0x0080022a      0xdac FreeRTOS/src/heap_4.o
 .bss.uxSchedulerSuspended
                0x00800fd6        0x1 FreeRTOS/src/tasks.o
 .bss.xIdleTaskHandle
                0x00800fd7        0x2 FreeRTOS/src/tasks.o
 .bss.xNextTaskUnblockTime
                0x00800fd9        0x4 FreeRTOS/src/tasks.o
 .bss.uxTaskNumber
                0x00800fdd        0x1 FreeRTOS/src/tasks.o
 .bss.xNumOfOverflows
                0x00800fde        0x1 FreeRTOS/src/tasks.o
 .bss.xYieldPending
                0x00800fdf        0x1 FreeRTOS/src/tasks.o
 .bss.xPendedTicks
                0x00800fe0        0x4 FreeRTOS/src/tasks.o
 .bss.xSchedulerRunning
                0x00800fe4        0x1 FreeRTOS/src/tasks.o
 .bss.uxTopReadyPriority
                0x00800fe5        0x1 FreeRTOS/src/tasks.o
 .bss.xTickCount
                0x00800fe6        0x4 FreeRTOS/src/tasks.o
 .bss.uxCurrentNumberOfTasks
                0x00800fea        0x1 FreeRTOS/src/tasks.o
 .bss.xSuspendedTaskList
                0x00800feb        0xb FreeRTOS/src/tasks.o
 .bss.uxDeletedTasksWaitingCleanUp
                0x00800ff6        0x1 FreeRTOS/src/tasks.o
 .bss.xTasksWaitingTermination
                0x00800ff7        0xb FreeRTOS/src/tasks.o
 .bss.xPendingReadyList
                0x00801002        0xb FreeRTOS/src/tasks.o
 .bss.pxOverflowDelayedTaskList
                0x0080100d        0x2 FreeRTOS/src/tasks.o
 .bss.pxDelayedTaskList
                0x0080100f        0x2 FreeRTOS/src/tasks.o
 .bss.xDelayedTaskList2
                0x00801011        0xb FreeRTOS/src/tasks.o
 .bss.xDelayedTaskList1
                0x0080101c        0xb FreeRTOS/src/tasks.o
 .bss.pxReadyTasksLists
                0x00801027       0x6e FreeRTOS/src/tasks.o
 .bss.pxCurrentTCB
                0x00801095        0x2 FreeRTOS/src/tasks.o
                0x00801095                pxCurrentTCB
 .bss.xLastTime.2436
                0x00801097        0x4 FreeRTOS/src/timers.o
 .bss.xTimerTaskHandle
                0x0080109b        0x2 FreeRTOS/src/timers.o
 .bss.xTimerQueue
                0x0080109d        0x2 FreeRTOS/src/timers.o
 .bss.pxOverflowTimerList
                0x0080109f        0x2 FreeRTOS/src/timers.o
 .bss.pxCurrentTimerList
                0x008010a1        0x2 FreeRTOS/src/timers.o
 .bss.xActiveTimerList2
                0x008010a3        0xb FreeRTOS/src/timers.o
 .bss.xActiveTimerList1
                0x008010ae        0xb FreeRTOS/src/timers.o
 .bss._ser_handle
                0x008010b9        0x8 ../drivers\libIotLibrary.a(serial.o)
 *(COMMON)
 COMMON         0x008010c1        0x2 main.o
                0x008010c1                xTestSemaphore
                0x008010c3                PROVIDE (__bss_end, .)
                0x000026ae                __data_load_start = LOADADDR (.data)
                0x000026c8                __data_load_end = (__data_load_start + SIZEOF (.data))

.noinit         0x008010c3        0x0
                [!provide]                PROVIDE (__noinit_start, .)
 *(.noinit*)
                [!provide]                PROVIDE (__noinit_end, .)
                0x008010c3                _end = .
                0x008010c3                PROVIDE (__heap_start, .)

.eeprom         0x00810000        0x0
 *(.eeprom*)
                0x00810000                __eeprom_end = .

.fuse
 *(.fuse)
 *(.lfuse)
 *(.hfuse)
 *(.efuse)

.lock
 *(.lock*)

.signature
 *(.signature*)

.user_signatures
 *(.user_signatures*)

.stab
 *(.stab)

.stabstr
 *(.stabstr)

.stab.excl
 *(.stab.excl)

.stab.exclstr
 *(.stab.exclstr)

.stab.index
 *(.stab.index)

.stab.indexstr
 *(.stab.indexstr)

.comment        0x00000000       0x30
 *(.comment)
 .comment       0x00000000       0x30 FreeRTOS/FreeRTOSTraceDriver/FreeRTOSTraceDriver.o
                                 0x31 (size before relaxing)
 .comment       0x00000030       0x31 FreeRTOS/src/heap_4.o
 .comment       0x00000030       0x31 FreeRTOS/src/list.o
 .comment       0x00000030       0x31 FreeRTOS/src/port.o
 .comment       0x00000030       0x31 FreeRTOS/src/queue.o
 .comment       0x00000030       0x31 FreeRTOS/src/tasks.o
 .comment       0x00000030       0x31 FreeRTOS/src/timers.o
 .comment       0x00000030       0x31 FreeRTOS/src/variantHooks.o
 .comment       0x00000030       0x31 main.o
 .comment       0x00000030       0x31 ../drivers\libIotLibrary.a(serial.o)

.note.gnu.avr.deviceinfo
                0x00000000       0x40
 .note.gnu.avr.deviceinfo
                0x00000000       0x40 C:/Program Files (x86)/Atmel/Studio/7.0/Packs/atmel/ATmega_DFP/1.6.364/gcc/dev/atmega2560/avr6/crtatmega2560.o

.note.gnu.build-id
 *(.note.gnu.build-id)

.debug
 *(.debug)

.line
 *(.line)

.debug_srcinfo
 *(.debug_srcinfo)

.debug_sfnames
 *(.debug_sfnames)

.debug_aranges  0x00000000      0x5a8
 *(.debug_aranges)
 .debug_aranges
                0x00000000       0x20 FreeRTOS/FreeRTOSTraceDriver/FreeRTOSTraceDriver.o
 .debug_aranges
                0x00000020       0x58 FreeRTOS/src/heap_4.o
 .debug_aranges
                0x00000078       0x40 FreeRTOS/src/list.o
 .debug_aranges
                0x000000b8       0x58 FreeRTOS/src/port.o
 .debug_aranges
                0x00000110       0xf8 FreeRTOS/src/queue.o
 .debug_aranges
                0x00000208      0x1d0 FreeRTOS/src/tasks.o
 .debug_aranges
                0x000003d8       0xc8 FreeRTOS/src/timers.o
 .debug_aranges
                0x000004a0       0x40 FreeRTOS/src/variantHooks.o
 .debug_aranges
                0x000004e0       0x38 main.o
 .debug_aranges
                0x00000518       0x90 ../drivers\libIotLibrary.a(serial.o)

.debug_pubnames
 *(.debug_pubnames)

.debug_info     0x00000000     0x7499
 *(.debug_info .gnu.linkonce.wi.*)
 .debug_info    0x00000000      0xbbc C:/Program Files (x86)/Atmel/Studio/7.0/Packs/atmel/ATmega_DFP/1.6.364/gcc/dev/atmega2560/avr6/crtatmega2560.o
 .debug_info    0x00000bbc       0x78 FreeRTOS/FreeRTOSTraceDriver/FreeRTOSTraceDriver.o
 .debug_info    0x00000c34      0x4e6 FreeRTOS/src/heap_4.o
 .debug_info    0x0000111a      0x2e7 FreeRTOS/src/list.o
 .debug_info    0x00001401      0x2ff FreeRTOS/src/port.o
 .debug_info    0x00001700     0x17e6 FreeRTOS/src/queue.o
 .debug_info    0x00002ee6     0x2239 FreeRTOS/src/tasks.o
 .debug_info    0x0000511f     0x10dd FreeRTOS/src/timers.o
 .debug_info    0x000061fc      0x20f FreeRTOS/src/variantHooks.o
 .debug_info    0x0000640b      0x2f2 main.o
 .debug_info    0x000066fd      0xd9c ../drivers\libIotLibrary.a(serial.o)

.debug_abbrev   0x00000000     0x1cda
 *(.debug_abbrev)
 .debug_abbrev  0x00000000      0xb1a C:/Program Files (x86)/Atmel/Studio/7.0/Packs/atmel/ATmega_DFP/1.6.364/gcc/dev/atmega2560/avr6/crtatmega2560.o
 .debug_abbrev  0x00000b1a       0x44 FreeRTOS/FreeRTOSTraceDriver/FreeRTOSTraceDriver.o
 .debug_abbrev  0x00000b5e      0x200 FreeRTOS/src/heap_4.o
 .debug_abbrev  0x00000d5e       0xff FreeRTOS/src/list.o
 .debug_abbrev  0x00000e5d      0x179 FreeRTOS/src/port.o
 .debug_abbrev  0x00000fd6      0x241 FreeRTOS/src/queue.o
 .debug_abbrev  0x00001217      0x2c8 FreeRTOS/src/tasks.o
 .debug_abbrev  0x000014df      0x28c FreeRTOS/src/timers.o
 .debug_abbrev  0x0000176b       0xff FreeRTOS/src/variantHooks.o
 .debug_abbrev  0x0000186a      0x11b main.o
 .debug_abbrev  0x00001985      0x355 ../drivers\libIotLibrary.a(serial.o)

.debug_line     0x00000000     0x3ca9
 *(.debug_line .debug_line.* .debug_line_end)
 .debug_line    0x00000000      0x1fa C:/Program Files (x86)/Atmel/Studio/7.0/Packs/atmel/ATmega_DFP/1.6.364/gcc/dev/atmega2560/avr6/crtatmega2560.o
 .debug_line    0x000001fa       0x63 FreeRTOS/FreeRTOSTraceDriver/FreeRTOSTraceDriver.o
 .debug_line    0x0000025d      0x41f FreeRTOS/src/heap_4.o
 .debug_line    0x0000067c      0x1db FreeRTOS/src/list.o
 .debug_line    0x00000857      0x28a FreeRTOS/src/port.o
 .debug_line    0x00000ae1      0xbe3 FreeRTOS/src/queue.o
 .debug_line    0x000016c4     0x15ba FreeRTOS/src/tasks.o
 .debug_line    0x00002c7e      0x624 FreeRTOS/src/timers.o
 .debug_line    0x000032a2      0x1af FreeRTOS/src/variantHooks.o
 .debug_line    0x00003451      0x1b7 main.o
 .debug_line    0x00003608      0x6a1 ../drivers\libIotLibrary.a(serial.o)

.debug_frame    0x00000000     0x1580
 *(.debug_frame)
 .debug_frame   0x00000000       0x24 FreeRTOS/FreeRTOSTraceDriver/FreeRTOSTraceDriver.o
 .debug_frame   0x00000024       0xfc FreeRTOS/src/heap_4.o
 .debug_frame   0x00000120       0x90 FreeRTOS/src/list.o
 .debug_frame   0x000001b0       0x94 FreeRTOS/src/port.o
 .debug_frame   0x00000244      0x3a4 FreeRTOS/src/queue.o
 .debug_frame   0x000005e8      0x7a0 FreeRTOS/src/tasks.o
 .debug_frame   0x00000d88      0x3ac FreeRTOS/src/timers.o
 .debug_frame   0x00001134       0x64 FreeRTOS/src/variantHooks.o
 .debug_frame   0x00001198       0x64 main.o
 .debug_frame   0x000011fc      0x384 ../drivers\libIotLibrary.a(serial.o)

.debug_str      0x00000000     0x25f1
 *(.debug_str)
 .debug_str     0x00000000      0x3e6 C:/Program Files (x86)/Atmel/Studio/7.0/Packs/atmel/ATmega_DFP/1.6.364/gcc/dev/atmega2560/avr6/crtatmega2560.o
 .debug_str     0x000003e6      0x15f FreeRTOS/FreeRTOSTraceDriver/FreeRTOSTraceDriver.o
                                0x193 (size before relaxing)
 .debug_str     0x00000545      0x329 FreeRTOS/src/heap_4.o
                                0x48b (size before relaxing)
 .debug_str     0x0000086e      0x135 FreeRTOS/src/list.o
                                0x2c7 (size before relaxing)
 .debug_str     0x000009a3      0x16e FreeRTOS/src/port.o
                                0x2fc (size before relaxing)
 .debug_str     0x00000b11      0x672 FreeRTOS/src/queue.o
                                0x93b (size before relaxing)
 .debug_str     0x00001183      0x9fb FreeRTOS/src/tasks.o
                                0xf5c (size before relaxing)
 .debug_str     0x00001b7e      0x414 FreeRTOS/src/timers.o
                                0x832 (size before relaxing)
 .debug_str     0x00001f92       0x81 FreeRTOS/src/variantHooks.o
                                0x273 (size before relaxing)
 .debug_str     0x00002013       0x5a main.o
                                0x268 (size before relaxing)
 .debug_str     0x0000206d      0x584 ../drivers\libIotLibrary.a(serial.o)
                                0x628 (size before relaxing)

.debug_loc      0x00000000     0x6f4c
 *(.debug_loc)
 .debug_loc     0x00000000      0x4be FreeRTOS/src/heap_4.o
 .debug_loc     0x000004be      0x17d FreeRTOS/src/list.o
 .debug_loc     0x0000063b       0xf6 FreeRTOS/src/port.o
 .debug_loc     0x00000731     0x1abd FreeRTOS/src/queue.o
 .debug_loc     0x000021ee     0x2a07 FreeRTOS/src/tasks.o
 .debug_loc     0x00004bf5     0x10f3 FreeRTOS/src/timers.o
 .debug_loc     0x00005ce8       0xdc FreeRTOS/src/variantHooks.o
 .debug_loc     0x00005dc4       0x3c main.o
 .debug_loc     0x00005e00     0x114c ../drivers\libIotLibrary.a(serial.o)

.debug_macinfo
 *(.debug_macinfo)

.debug_weaknames
 *(.debug_weaknames)

.debug_funcnames
 *(.debug_funcnames)

.debug_typenames
 *(.debug_typenames)

.debug_varnames
 *(.debug_varnames)

.debug_pubtypes
 *(.debug_pubtypes)

.debug_ranges   0x00000000      0x5a8
 *(.debug_ranges)
 .debug_ranges  0x00000000       0x10 FreeRTOS/FreeRTOSTraceDriver/FreeRTOSTraceDriver.o
 .debug_ranges  0x00000010       0x48 FreeRTOS/src/heap_4.o
 .debug_ranges  0x00000058       0x30 FreeRTOS/src/list.o
 .debug_ranges  0x00000088       0x48 FreeRTOS/src/port.o
 .debug_ranges  0x000000d0      0x130 FreeRTOS/src/queue.o
 .debug_ranges  0x00000200      0x200 FreeRTOS/src/tasks.o
 .debug_ranges  0x00000400       0xb8 FreeRTOS/src/timers.o
 .debug_ranges  0x000004b8       0x30 FreeRTOS/src/variantHooks.o
 .debug_ranges  0x000004e8       0x28 main.o
 .debug_ranges  0x00000510       0x98 ../drivers\libIotLibrary.a(serial.o)

.debug_macro
 *(.debug_macro)
OUTPUT(SEP4.elf elf32-avr)
LOAD linker stubs
